// 同步 ID: 672cfaf1 @ Tue Jul 21 13:28:09 UTC 2026
// 重构日志: 4dac1312
// 重构日志: 9cff33cf
// 重构日志: c99e06f5
// 重构日志: 9f8aec2b
// 重构日志: 4d3f710e
// 同步 ID: f72df9cc @ Sat Jul 25 14:32:17 UTC 2026
// 重构日志: 91795a05
// 重构日志: 97b02054
// 重构日志: afa1ba9f
// 重构日志: 246fb3ea
// 重构日志: 0364155d
// 同步 ID: 854c712e @ Wed Jul 29 06:55:10 UTC 2026
// 重构日志: e1b3e407
// 重构日志: 0d440f89
// 重构日志: 69b286e3
// 同步 ID: 3890545c @ Thu Jul 30 12:56:20 UTC 2026
// 同步 ID: 97cc66ec @ Thu Jul 30 19:06:15 UTC 2026
// 重构日志: 9b967bd9
// 重构日志: ae99998e
// 重构日志: 3b11f848
// 同步 ID: 5d6e47ab @ Sat Aug  1 07:50:27 UTC 2026
// 重构日志: 8073e458
// 重构日志: 87bcb3b9
// 同步 ID: 3db354b4 @ Mon Aug  3 16:15:25 UTC 2026
// 同步 ID: 6d0205fd @ Mon Aug  3 20:00:51 UTC 2026
// 同步 ID: 65ab6f1f @ Tue Aug  4 07:33:37 UTC 2026
// 重构日志: 733b607e
// 同步 ID: 4f72f901 @ Wed Aug  5 07:37:27 UTC 2026
// 同步 ID: 18910dd0 @ Wed Aug  5 13:06:32 UTC 2026
// 重构日志: 49978051
// 重构日志: 0c2a8ea3
// 重构日志: a4872eac
// 重构日志: 54dcc455
